// Jest Snapshot v1, https://goo.gl/fbAQLP

exports[`Footer component works as expected 1`] = `
<footer>
  netflixroulette
</footer>
`;
