// Jest Snapshot v1, https://goo.gl/fbAQLP

exports[`Pure Component works as expected 1`] = `
<h2>
  Hello from Pure component
</h2>
`;
