// Jest Snapshot v1, https://goo.gl/fbAQLP

exports[`PageNotFound component works as expected 1`] = `
<div
  className="page-not-found"
>
  <div>
    <h1>
      404 Error
    </h1>
    Page Not Found
  </div>
</div>
`;
